// Jest Snapshot v1, https://goo.gl/fbAQLP



exports[`CaseStudyListItem matches snapshot 1`] = `
<DocumentFragment>
  <div
    class="card m-3"
  >
    <div
      class="d-flex flex-column flex-md-row align-items-center"
    >
      <div
        class="col-md-5 p-0"
      >
        <img
          src="www.img1.com"
          width="300px"
        />
      </div>
      <div
        class="col-md-7"
      >
        <h2
          class="primary-font"
        >
          Guide price
        </h2>
        <h1
          class="primary-font"
        >
          Â£100,000
        </h1>
        <h3>
          2 bedrooms 
        </h3>
        <p>
          100 blah blah road
        </p>
      </div>
    </div>
    <p
      class="date--listed col-12 p-3 m-0 w-100"
    >
      Listed on: 3-5-2020
    </p>
  </div>
</DocumentFragment>
`;
